// Jest Snapshot v1, https://goo.gl/fbAQLP

exports[`Input component tests should render correctly 1`] = `
ShallowWrapper {
  Symbol(enzyme.__root__): [Circular],
  Symbol(enzyme.__unrendered__): <Input />,
  Symbol(enzyme.__renderer__): Object {
    "batchedUpdates": [Function],
    "checkPropTypes": [Function],
    "getNode": [Function],
    "render": [Function],
    "simulateError": [Function],
    "simulateEvent": [Function],
    "unmount": [Function],
  },
  Symbol(enzyme.__node__): Object {
    "instance": null,
    "key": undefined,
    "nodeType": "host",
    "props": Object {
      "children": <div
        className="input-field col s12"
      >
        <input
          className="validate"
          id="new_point"
          onChange={[Function]}
          type="text"
          value=""
        />
        <label
          htmlFor="new_point"
        >
          Новая точка маршрута
        </label>
      </div>,
      "className": "col s12",
      "onSubmit": [Function],
    },
    "ref": null,
    "rendered": Object {
      "instance": null,
      "key": undefined,
      "nodeType": "host",
      "props": Object {
        "children": Array [
          <input
            className="validate"
            id="new_point"
            onChange={[Function]}
            type="text"
            value=""
          />,
          <label
            htmlFor="new_point"
          >
            Новая точка маршрута
          </label>,
        ],
        "className": "input-field col s12",
      },
      "ref": null,
      "rendered": Array [
        Object {
          "instance": null,
          "key": undefined,
          "nodeType": "host",
          "props": Object {
            "className": "validate",
            "id": "new_point",
            "onChange": [Function],
            "type": "text",
            "value": "",
          },
          "ref": null,
          "rendered": null,
          "type": "input",
        },
        Object {
          "instance": null,
          "key": undefined,
          "nodeType": "host",
          "props": Object {
            "children": "Новая точка маршрута",
            "htmlFor": "new_point",
          },
          "ref": null,
          "rendered": "Новая точка маршрута",
          "type": "label",
        },
      ],
      "type": "div",
    },
    "type": "form",
  },
  Symbol(enzyme.__nodes__): Array [
    Object {
      "instance": null,
      "key": undefined,
      "nodeType": "host",
      "props": Object {
        "children": <div
          className="input-field col s12"
        >
          <input
            className="validate"
            id="new_point"
            onChange={[Function]}
            type="text"
            value=""
          />
          <label
            htmlFor="new_point"
          >
            Новая точка маршрута
          </label>
        </div>,
        "className": "col s12",
        "onSubmit": [Function],
      },
      "ref": null,
      "rendered": Object {
        "instance": null,
        "key": undefined,
        "nodeType": "host",
        "props": Object {
          "children": Array [
            <input
              className="validate"
              id="new_point"
              onChange={[Function]}
              type="text"
              value=""
            />,
            <label
              htmlFor="new_point"
            >
              Новая точка маршрута
            </label>,
          ],
          "className": "input-field col s12",
        },
        "ref": null,
        "rendered": Array [
          Object {
            "instance": null,
            "key": undefined,
            "nodeType": "host",
            "props": Object {
              "className": "validate",
              "id": "new_point",
              "onChange": [Function],
              "type": "text",
              "value": "",
            },
            "ref": null,
            "rendered": null,
            "type": "input",
          },
          Object {
            "instance": null,
            "key": undefined,
            "nodeType": "host",
            "props": Object {
              "children": "Новая точка маршрута",
              "htmlFor": "new_point",
            },
            "ref": null,
            "rendered": "Новая точка маршрута",
            "type": "label",
          },
        ],
        "type": "div",
      },
      "type": "form",
    },
  ],
  Symbol(enzyme.__options__): Object {
    "adapter": ReactSixteenAdapter {
      "options": Object {
        "enableComponentDidUpdateOnSetState": true,
        "legacyContextMode": "parent",
        "lifecycles": Object {
          "componentDidUpdate": Object {
            "onSetState": true,
          },
          "getChildContext": Object {
            "calledByRenderer": false,
          },
          "getDerivedStateFromProps": true,
          "getSnapshotBeforeUpdate": true,
          "setState": Object {
            "skipsComponentDidUpdateOnNullish": true,
          },
        },
      },
    },
  },
}
`;
